---
source: crates/core-subsystem/core-resolver/src/validation/document_validator.rs
assertion_line: 660
expression: validator.validate(create_query_document(query))
---
Err(
    SelectionSetTooDeep(
        Pos(5:25),
    ),
)
