---
source: crates/core-subsystem/core-resolver/src/validation/document_validator.rs
expression: validator.validate(create_query_document(query))
---
Err(
    SelectionSetTooDeep(
        Pos(8:37),
    ),
)
