---
source: payas-server-core/src/validation/document_validator.rs
expression: validator.validate(create_query_document(query))
---
Err(
    StrayArguments(
        [
            "foo",
        ],
        "concert",
        Pos(3:17),
    ),
)
