---
source: payas-server/src/validation/document_validator.rs
expression: validator.validate(create_query_document(query))
---
Ok(
    [
        ValidatedOperationDefinition {
            name: None,
            ty: Query,
            fields: [
                ValidatedField {
                    alias: None,
                    name: Name(
                        "concert",
                    ),
                    arguments: [
                        (
                            "id",
                            Number(
                                Number(
                                    1,
                                ),
                            ),
                        ),
                    ],
                    subfields: [
                        ValidatedField {
                            alias: None,
                            name: Name(
                                "id",
                            ),
                            arguments: [],
                            subfields: [],
                        },
                        ValidatedField {
                            alias: None,
                            name: Name(
                                "title",
                            ),
                            arguments: [],
                            subfields: [],
                        },
                        ValidatedField {
                            alias: None,
                            name: Name(
                                "venue",
                            ),
                            arguments: [],
                            subfields: [
                                ValidatedField {
                                    alias: None,
                                    name: Name(
                                        "id",
                                    ),
                                    arguments: [],
                                    subfields: [],
                                },
                                ValidatedField {
                                    alias: None,
                                    name: Name(
                                        "name",
                                    ),
                                    arguments: [],
                                    subfields: [],
                                },
                            ],
                        },
                    ],
                },
            ],
        },
    ],
)
