---
source: payas-server/src/validation/document_validator.rs
expression: validator.validate(create_query_document(query))
---
Ok(
    ValidatedDocument {
        operations: [
            ValidatedOperationDefinition {
                name: None,
                typ: Query,
                fields: [
                    ValidatedField {
                        alias: Some(
                            Name(
                                "firstConcert",
                            ),
                        ),
                        name: Name(
                            "concert",
                        ),
                        arguments: [
                            (
                                "id",
                                Number(
                                    Number(
                                        1,
                                    ),
                                ),
                            ),
                        ],
                        subfields: [
                            ValidatedField {
                                alias: None,
                                name: Name(
                                    "id",
                                ),
                                arguments: [],
                                subfields: [],
                            },
                            ValidatedField {
                                alias: Some(
                                    Name(
                                        "headLine",
                                    ),
                                ),
                                name: Name(
                                    "title",
                                ),
                                arguments: [],
                                subfields: [],
                            },
                        ],
                    },
                ],
            },
        ],
        operation_typ: Query,
    },
)
