---
source: payas-server-core/src/graphql/validation/document_validator.rs
expression: validator.validate(create_query_document(query))
---
Err(
    MultipleOperationsNoOperationName,
)
