---
source: crates/postgres-subsystem/postgres-core-builder/src/resolved_builder.rs
expression: resolved
---
values:
  - - ~
    - Primitive:
        Plain: Boolean
  - - ~
    - Primitive:
        Plain: Int
  - - ~
    - Primitive:
        Plain: Float
  - - ~
    - Primitive:
        Plain: Decimal
  - - ~
    - Primitive:
        Plain: String
  - - ~
    - Primitive:
        Plain: LocalTime
  - - ~
    - Primitive:
        Plain: LocalDateTime
  - - ~
    - Primitive:
        Plain: LocalDate
  - - ~
    - Primitive:
        Plain: Instant
  - - ~
    - Primitive:
        Plain: Json
  - - ~
    - Primitive:
        Plain: Blob
  - - ~
    - Primitive:
        Plain: Uuid
  - - ~
    - Primitive:
        Plain: Vector
  - - ~
    - Composite:
        name: AuthSchemaTable
        plural_name: AuthSchemaTables
        representation: Managed
        fields:
          - name: id
            typ:
              Plain:
                type_name: Int
                is_primitive: true
            column_names:
              - id
            self_column: true
            is_pk: true
            access:
              default:
                BooleanLiteral:
                  - true
              query: ~
              mutation: ~
              creation: ~
              update: ~
              delete: ~
            type_hint: ~
            unique_constraints: []
            indices: []
            cardinality: ~
            default_value:
              AutoIncrement: ~
            update_sync: false
            readonly: false
            doc_comments: ~
          - name: name
            typ:
              Plain:
                type_name: String
                is_primitive: true
            column_names:
              - name
            self_column: true
            is_pk: false
            access:
              default:
                BooleanLiteral:
                  - true
              query: ~
              mutation: ~
              creation: ~
              update: ~
              delete: ~
            type_hint: ~
            unique_constraints: []
            indices: []
            cardinality: ~
            default_value: ~
            update_sync: false
            readonly: false
            doc_comments: ~
        table_name:
          name: auth_schema_tables
          schema: auth
        access:
          default: ~
          query: ~
          mutation: ~
          creation: ~
          update: ~
          delete: ~
        doc_comments: ~
  - - ~
    - Composite:
        name: AuthSchemaTableWithCustomName
        plural_name: AuthSchemaTableWithCustomNames
        representation: Managed
        fields:
          - name: id
            typ:
              Plain:
                type_name: Int
                is_primitive: true
            column_names:
              - id
            self_column: true
            is_pk: true
            access:
              default:
                BooleanLiteral:
                  - true
              query: ~
              mutation: ~
              creation: ~
              update: ~
              delete: ~
            type_hint: ~
            unique_constraints: []
            indices: []
            cardinality: ~
            default_value:
              AutoIncrement: ~
            update_sync: false
            readonly: false
            doc_comments: ~
          - name: name
            typ:
              Plain:
                type_name: String
                is_primitive: true
            column_names:
              - name
            self_column: true
            is_pk: false
            access:
              default:
                BooleanLiteral:
                  - true
              query: ~
              mutation: ~
              creation: ~
              update: ~
              delete: ~
            type_hint: ~
            unique_constraints: []
            indices: []
            cardinality: ~
            default_value: ~
            update_sync: false
            readonly: false
            doc_comments: ~
        table_name:
          name: custom_table
          schema: auth
        access:
          default: ~
          query: ~
          mutation: ~
          creation: ~
          update: ~
          delete: ~
        doc_comments: ~
  - ~
map:
  AuthSchemaTable:
    index: 13
    generation: ~
  AuthSchemaTableWithCustomName:
    index: 14
    generation: ~
  Blob:
    index: 10
    generation: ~
  Boolean:
    index: 0
    generation: ~
  Decimal:
    index: 3
    generation: ~
  Float:
    index: 2
    generation: ~
  Instant:
    index: 8
    generation: ~
  Int:
    index: 1
    generation: ~
  Json:
    index: 9
    generation: ~
  LocalDate:
    index: 7
    generation: ~
  LocalDateTime:
    index: 6
    generation: ~
  LocalTime:
    index: 5
    generation: ~
  String:
    index: 4
    generation: ~
  Uuid:
    index: 11
    generation: ~
  Vector:
    index: 12
    generation: ~
