---
source: payas-parser/src/typechecker/mod.rs
expression: types

---
- - Boolean
  - Primitive: Boolean
- - Doc
  - Composite:
      name: Doc
      kind: Persistent
      fields:
        - name: is_public
          typ:
            Reference: Boolean
          annotations:
            access: ~
            auto_increment: ~
            bits: ~
            column: ~
            db_type: ~
            length: ~
            precision: ~
            jwt: ~
            pk: ~
            range: ~
            size: ~
            table: ~
      annotations:
        access: ~
        auto_increment: ~
        bits: ~
        column: ~
        db_type: ~
        length: ~
        precision: ~
        jwt: ~
        pk: ~
        range: ~
        size: ~
        table: ~
- - Float
  - Primitive: Float
- - Instant
  - Primitive: Instant
- - Int
  - Primitive: Int
- - Json
  - Primitive: Json
- - LocalDate
  - Primitive: LocalDate
- - LocalDateTime
  - Primitive: LocalDateTime
- - LocalTime
  - Primitive: LocalTime
- - String
  - Primitive: String
- - User
  - Composite:
      name: User
      kind: Persistent
      fields:
        - name: doc
          typ:
            Reference: Doc
          annotations:
            access:
              Access:
                Single:
                  LogicalOp:
                    Or:
                      - LogicalOp:
                          Or:
                            - RelationalOp:
                                Eq:
                                  - FieldSelection:
                                      Select:
                                        - Single:
                                            - - self
                                            - Reference: User
                                        - - role
                                        - Reference: String
                                  - StringLiteral:
                                      - role_admin
                                      - Primitive: String
                                  - Primitive: Boolean
                            - RelationalOp:
                                Eq:
                                  - FieldSelection:
                                      Select:
                                        - Single:
                                            - - self
                                            - Reference: User
                                        - - role
                                        - Reference: String
                                  - StringLiteral:
                                      - role_superuser
                                      - Primitive: String
                                  - Primitive: Boolean
                            - Primitive: Boolean
                      - FieldSelection:
                          Select:
                            - Select:
                                - Single:
                                    - - self
                                    - Reference: User
                                - - doc
                                - Reference: Doc
                            - - is_public
                            - Reference: Boolean
                      - Primitive: Boolean
            auto_increment: ~
            bits: ~
            column:
              Column:
                Single:
                  StringLiteral:
                    - custom_column
                    - Primitive: String
            db_type: ~
            length: ~
            precision: ~
            jwt: ~
            pk: ~
            range: ~
            size: ~
            table: ~
        - name: role
          typ:
            Reference: String
          annotations:
            access: ~
            auto_increment: ~
            bits: ~
            column: ~
            db_type: ~
            length: ~
            precision: ~
            jwt: ~
            pk: ~
            range: ~
            size: ~
            table: ~
      annotations:
        access: ~
        auto_increment: ~
        bits: ~
        column: ~
        db_type: ~
        length: ~
        precision: ~
        jwt: ~
        pk: ~
        range: ~
        size: ~
        table: ~

