---
source: payas-parser/src/typechecker/mod.rs
expression: types

---
- - AuthContext
  - Composite:
      name: AuthContext
      kind: Context
      fields:
        - name: role
          ast_typ:
            Plain:
              - String
          typ:
            Reference: String
          annotations:
            annotations:
              jwt:
                name: jwt
                params: None
      annotations:
        annotations: {}
- - Boolean
  - Primitive: Boolean
- - Decimal
  - Primitive: Decimal
- - Doc
  - Composite:
      name: Doc
      kind: Persistent
      fields:
        - name: is_public
          ast_typ:
            Plain:
              - Boolean
          typ:
            Reference: Boolean
          annotations:
            annotations: {}
        - name: content
          ast_typ:
            Plain:
              - String
          typ:
            Reference: String
          annotations:
            annotations:
              access:
                name: access
                params:
                  Single:
                    - LogicalOp:
                        Or:
                          - RelationalOp:
                              Eq:
                                - FieldSelection:
                                    Select:
                                      - Single:
                                          - - AuthContext
                                          - Reference: AuthContext
                                      - - role
                                      - Reference: String
                                - StringLiteral:
                                    - ROLE_ADMIN
                                - Primitive: Boolean
                          - FieldSelection:
                              Select:
                                - Single:
                                    - - self
                                    - Reference: Doc
                                - - is_public
                                - Reference: Boolean
                          - Primitive: Boolean
      annotations:
        annotations: {}
- - Float
  - Primitive: Float
- - Instant
  - Primitive: Instant
- - Int
  - Primitive: Int
- - Json
  - Primitive: Json
- - LocalDate
  - Primitive: LocalDate
- - LocalDateTime
  - Primitive: LocalDateTime
- - LocalTime
  - Primitive: LocalTime
- - String
  - Primitive: String

